I'm sorry, but errors were detected in your script. Please correct the
errors listed below, and try again.


File "game/script.rpy", line 32: 'Fixed' is not a keyword argument or valid child of the screen statement.
    Fixed:
         ^

Ren'Py Version: Ren'Py 8.3.7.25031702
Mon Aug  4 17:50:54 2025
